\BOOKMARK [1][-]{section.1}{\376\377\000G\000i\036\333\000i\000\040\000t\000h\000i\036\307\000u}{}% 1
\BOOKMARK [1][-]{section.2}{\376\377\000C\000\364\000n\000g\000\040\000t\000r\000\354\000n\000h\000\040\000l\000i\000\352\000n\000\040\000q\000u\000a\000n\000\040\000v\000\340\000\040\000s\000o\000\040\000s\000\341\000n\000h}{}% 2
\BOOKMARK [1][-]{section.3}{\376\377\000T\000h\000i\036\277\000t\000\040\000k\036\277\000\040\000c\000h\000i\000\040\000t\000i\036\277\000t\000\040\000h\036\307\000\040\000m\000\343\000\040\000R\000u\000b\000i\000k\000-\0004\000D}{}% 3
\BOOKMARK [2][-]{subsection.3.1}{\376\377\000B\000i\036\303\000u\000\040\000d\000i\036\305\000n\000\040\000t\000r\036\241\000n\000g\000\040\000t\000h\000\341\000i\000\040\000v\000\340\000\040\000h\000\354\000n\000h\000\040\000h\036\315\000c\000\040\000T\000e\000s\000s\000e\000r\000a\000c\000t\000\040\0004\000D}{section.3}% 4
\BOOKMARK [2][-]{subsection.3.2}{\376\377\000Q\000u\000y\000\040\000t\000r\000\354\000n\000h\000\040\000t\000h\036\361\000c\000\040\000t\000h\000i\000\040\000h\000\340\000m\000\040\000v\000\362\000n\000g}{section.3}% 5
\BOOKMARK [3][-]{subsubsection.3.2.1}{\376\377\000H\036\331\000p\000\040\000t\000h\000a\000y\000\040\000t\000h\036\277\000\040\000p\000h\000i\000\040\000t\000u\000y\036\277\000n\000\040\000S\000u\000b\000B\000y\000t\000e\000s}{subsection.3.2}% 6
\BOOKMARK [3][-]{subsubsection.3.2.2}{\376\377\000H\000o\000\341\000n\000\040\000v\036\313\000\040\000s\000i\000\352\000u\000\040\000l\036\255\000p\000\040\000p\000h\001\260\001\241\000n\000g\000\040\000S\000O\000\050\0004\000\051}{subsection.3.2}% 7
\BOOKMARK [3][-]{subsubsection.3.2.3}{\376\377\000K\000h\000u\036\277\000c\000h\000\040\000t\000\341\000n\000\040\000l\000a\000n\000\040\000t\000r\000u\000y\036\301\000n\000\040\000s\036\321\000\040\000n\000h\036\333\000\040\000A\000R\000X\000\040\0003\0002\000-\000b\000i\000t}{subsection.3.2}% 8
\BOOKMARK [3][-]{subsubsection.3.2.4}{\376\377\000C\036\331\000n\000g\000\040\000k\000h\000\363\000a\000\040\000v\000\362\000n\000g\000\040\000\050\000A\000d\000d\000R\000o\000u\000n\000d\000K\000e\000y\000\051}{subsection.3.2}% 9
\BOOKMARK [2][-]{subsection.3.3}{\376\377\000Q\000u\000y\000\040\000t\000r\000\354\000n\000h\000\040\000g\000i\036\243\000i\000\040\000m\000\343}{section.3}% 10
\BOOKMARK [2][-]{subsection.3.4}{\376\377\000L\001\260\036\343\000c\000\040\001\021\036\323\000\040\000s\000i\000n\000h\000\040\000k\000h\000\363\000a\000\040\000v\000\362\000n\000g\000\040\000\050\000K\000e\000y\000\040\000s\000c\000h\000e\000d\000u\000l\000e\000\051}{section.3}% 11
\BOOKMARK [2][-]{subsection.3.5}{\376\377\000C\000h\036\351\000n\000g\000\040\000m\000i\000n\000h\000\040\000a\000n\000\040\000t\000o\000\340\000n\000\040\000t\000o\000\341\000n\000\040\000h\036\315\000c}{section.3}% 12
\BOOKMARK [3][-]{subsubsection.3.5.1}{\376\377\000T\000h\000\341\000m\000\040\000m\000\343\000\040\000v\000i\000\040\000s\000a\000i\000\040\000q\000u\000a\000\040\000q\000u\000y\000\040\000h\000o\036\241\000c\000h\000\040\000n\000g\000u\000y\000\352\000n\000\040\000\050\000M\000I\000L\000P\000\051}{subsection.3.5}% 13
\BOOKMARK [3][-]{subsubsection.3.5.2}{\376\377\000T\000h\000\341\000m\000\040\000m\000\343\000\040\000t\000u\000y\036\277\000n\000\040\000t\000\355\000n\000h\000\040\000b\036\261\000n\000g\000\040\000M\000I\000L\000P}{subsection.3.5}% 14
\BOOKMARK [3][-]{subsubsection.3.5.3}{\376\377\000K\000h\000\341\000n\000g\000\040\000t\000h\000\341\000m\000\040\000m\000\343\000\040\000t\000\355\000c\000h\000\040\000p\000h\000\342\000n\000\040\000\050\000I\000n\000t\000e\000g\000r\000a\000l\000\040\000c\000r\000y\000p\000t\000a\000n\000a\000l\000y\000s\000i\000s\000\051}{subsection.3.5}% 15
\BOOKMARK [3][-]{subsubsection.3.5.4}{\376\377\000G\000i\036\333\000i\000\040\000h\036\241\000n\000\040\000b\036\255\000c\000\040\001\021\036\241\000i\000\040\000s\036\321\000\040\000v\000\340\000\040\000k\000h\000\341\000n\000g\000\040\000b\036\331\000\040\000g\000i\036\243\000i\000\040\000S\000A\000T}{subsection.3.5}% 16
\BOOKMARK [3][-]{subsubsection.3.5.5}{\376\377\000K\000h\000\341\000n\000g\000\040\000t\036\245\000n\000\040\000c\000\364\000n\000g\000\040\000t\000r\001\260\036\343\000t\000\040\000\050\000S\000l\000i\000d\000e\000\040\000a\000t\000t\000a\000c\000k\000s\000\051}{subsection.3.5}% 17
\BOOKMARK [3][-]{subsubsection.3.5.6}{\376\377\000T\000h\000\341\000m\000\040\000m\000\343\000\040\000v\000i\000\040\000s\000a\000i\000\040\000k\000h\000\363\000a\000\040\000l\000i\000\352\000n\000\040\000q\000u\000a\000n\000\040\000h\000a\000i\000\040\000c\000h\000i\036\301\000u\000\040\000\050\000R\000e\000l\000a\000t\000e\000d\000-\000k\000e\000y\000\040\000c\000r\000y\000p\000t\000a\000n\000a\000l\000y\000s\000i\000s\000\051}{subsection.3.5}% 18
\BOOKMARK [2][-]{subsection.3.6}{\376\377\000K\000i\036\303\000m\000\040\001\021\036\313\000n\000h\000\040\000n\000g\036\253\000u\000\040\000n\000h\000i\000\352\000n\000\040\000t\000h\036\321\000n\000g\000\040\000k\000\352}{section.3}% 19
\BOOKMARK [1][-]{section.4}{\376\377\001\020\000\341\000n\000h\000\040\000g\000i\000\341\000\040\000t\000h\036\361\000c\000\040\000n\000g\000h\000i\036\307\000m\000\040\000v\000\340\000\040\001\021\000o\000\040\000l\001\260\036\335\000n\000g\000\040\000h\000i\036\307\000u\000\040\000n\001\003\000n\000g}{}% 20
\BOOKMARK [2][-]{subsection.4.1}{\376\377\001\020\036\331\000\040\000a\000n\000\040\000t\000o\000\340\000n\000\040\000l\001\260\036\343\000c\000\040\001\021\036\323\000\040\000k\000h\000\363\000a\000\040\000v\000\340\000\040\000t\000i\000\352\000u\000\040\000c\000h\000u\036\251\000n\000\040\000t\000h\000\341\000c\000\040\000l\001\151\000\040\000n\000g\000h\000i\000\352\000m\000\040\000n\000g\036\267\000t\000\040\000\050\000S\000A\000C\000\051}{section.4}% 21
\BOOKMARK [2][-]{subsection.4.2}{\376\377\000H\000i\036\307\000u\000\040\036\351\000n\000g\000\040\000t\000h\000\341\000c\000\040\000l\001\151\000\040\000b\036\243\000n\000\040\000r\000\365\000\040\000v\000\340\000\040\001\021\036\331\000\040\000n\000h\036\241\000y\000\040\000k\000h\000\363\000a}{section.4}% 22
\BOOKMARK [2][-]{subsection.4.3}{\376\377\000H\000i\036\307\000u\000\040\000n\001\003\000n\000g\000\040\000p\000h\036\247\000n\000\040\000m\036\301\000m\000\040\000v\000\340\000\040\000c\000h\000u\000\040\000k\036\363\000\040\000x\000u\000n\000g\000\040\000n\000h\036\313\000p\000\040\000p\000h\036\247\000n\000\040\000c\036\351\000n\000g}{section.4}% 23
\BOOKMARK [2][-]{subsection.4.4}{\376\377\000P\000h\000\342\000n\000\040\000t\000\355\000c\000h\000\040\000m\036\255\000t\000\040\000m\000\343\000\040\036\243\000n\000h\000\040\000\050\000I\000m\000a\000g\000e\000\040\000c\000r\000y\000p\000t\000a\000n\000a\000l\000y\000s\000i\000s\000\051}{section.4}% 24
\BOOKMARK [3][-]{subsubsection.4.4.1}{\376\377\000K\000i\036\303\000m\000\040\000t\000r\000a\000\040\000t\000h\036\313\000\040\000g\000i\000\341\000c\000\040\000v\000\340\000\040\000t\000\355\000n\000h\000\040\001\021\036\323\000n\000g\000\040\001\021\036\301\000u\000\040\000h\000i\000s\000t\000o\000g\000r\000a\000m}{subsection.4.4}% 25
\BOOKMARK [3][-]{subsubsection.4.4.2}{\376\377\000P\000h\000\342\000n\000\040\000t\000\355\000c\000h\000\040\000t\001\260\001\241\000n\000g\000\040\000q\000u\000a\000n\000\040\000p\000i\000x\000e\000l\000\040\000l\000\342\000n\000\040\000c\036\255\000n}{subsection.4.4}% 26
\BOOKMARK [3][-]{subsubsection.4.4.3}{\376\377\000C\000h\036\311\000\040\000s\036\321\000\040\000k\000h\000\341\000n\000g\000\040\000t\036\245\000n\000\040\000c\000\364\000n\000g\000\040\000v\000i\000\040\000s\000a\000i\000\040\000\050\000N\000P\000C\000R\000\040\000v\000\340\000\040\000U\000A\000C\000I\000\051}{subsection.4.4}% 27
\BOOKMARK [3][-]{subsubsection.4.4.4}{\376\377\000S\000o\000\040\000s\000\341\000n\000h\000\040\000t\000h\036\361\000c\000\040\000n\000g\000h\000i\036\307\000m\000\040\000t\000o\000\340\000n\000\040\000d\000i\036\307\000n\000\040\000v\036\333\000i\000\040\000c\000\341\000c\000\040\000c\000\364\000n\000g\000\040\000t\000r\000\354\000n\000h\000\040\000t\000i\000\352\000n\000\040\000t\000i\036\277\000n}{subsection.4.4}% 28
\BOOKMARK [1][-]{section.5}{\376\377\000K\036\277\000t\000\040\000l\000u\036\255\000n}{}% 29
